// Jest Snapshot v1, https://goo.gl/fbAQLP

exports[`Todo matches snapshot 1`] = `
<DocumentFragment>
  <li>
    <input
      id="1"
      type="checkbox"
    />
    <label
      for="1"
    >
      test
    </label>
  </li>
</DocumentFragment>
`;
